                                 Started job on |	Apr 03 12:38:41
                             Started mapping on |	Apr 03 12:38:48
                                    Finished on |	Apr 03 12:38:52
       Mapping speed, Million of reads per hour |	8.69

                          Number of input reads |	9652
                      Average input read length |	145
                                    UNIQUE READS:
                   Uniquely mapped reads number |	416
                        Uniquely mapped reads % |	4.31%
                          Average mapped length |	122.06
                       Number of splices: Total |	95
            Number of splices: Annotated (sjdb) |	89
                       Number of splices: GT/AG |	92
                       Number of splices: GC/AG |	1
                       Number of splices: AT/AC |	0
               Number of splices: Non-canonical |	2
                      Mismatch rate per base, % |	4.82%
                         Deletion rate per base |	0.38%
                        Deletion average length |	1.57
                        Insertion rate per base |	0.40%
                       Insertion average length |	1.55
                             MULTI-MAPPING READS:
        Number of reads mapped to multiple loci |	86
             % of reads mapped to multiple loci |	0.89%
        Number of reads mapped to too many loci |	1
             % of reads mapped to too many loci |	0.01%
                                  UNMAPPED READS:
  Number of reads unmapped: too many mismatches |	0
       % of reads unmapped: too many mismatches |	0.00%
            Number of reads unmapped: too short |	9149
                 % of reads unmapped: too short |	94.79%
                Number of reads unmapped: other |	0
                     % of reads unmapped: other |	0.00%
                                  CHIMERIC READS:
                       Number of chimeric reads |	0
                            % of chimeric reads |	0.00%
